
Checking parameters for BSIM 4.5 model xu1.xnand:mpmos
Warning: This model supports BSIM4 versions 4.0, 4.1, 4.2, 4.3, 4.4, 4.5
You specified a wrong version number. Working now with BSIM4v5.
